[
  {
    "Keyword": 38,
    "Literal": {
      "Start": 0,
      "End": 5,
      "NextRef": 0
    },
    "TextPosition": {
      "LineStart": 1,
      "LineEnd": 1,
      "CharStart": 1,
      "CharEnd": 6
    }
  },
  {
    "Keyword": 1,
    "Literal": {
      "Start": 6,
      "End": 24,
      "NextRef": 0
    },
    "TextPosition": {
      "LineStart": 1,
      "LineEnd": 1,
      "CharStart": 7,
      "CharEnd": 25
    }
  },
  {
    "Keyword": 46,
    "Literal": {
      "Start": 25,
      "End": 26,
      "NextRef": 0
    },
    "TextPosition": {
      "LineStart": 1,
      "LineEnd": 1,
      "CharStart": 26,
      "CharEnd": 27
    }
  },
  {
    "Keyword": 1,
    "Literal": {
      "Start": 29,
      "End": 37,
      "NextRef": 0
    },
    "TextPosition": {
      "LineStart": 2,
      "LineEnd": 2,
      "CharStart": 3,
      "CharEnd": 11
    }
  },
  {
    "Keyword": 46,
    "Literal": {
      "Start": 38,
      "End": 39,
      "NextRef": 0
    },
    "TextPosition": {
      "LineStart": 2,
      "LineEnd": 2,
      "CharStart": 12,
      "CharEnd": 13
    }
  },
  {
    "Keyword": 1,
    "Literal": {
      "Start": 44,
      "End": 53,
      "NextRef": 0
    },
    "TextPosition": {
      "LineStart": 3,
      "LineEnd": 3,
      "CharStart": 5,
      "CharEnd": 14
    }
  },
  {
    "Keyword": 46,
    "Literal": {
      "Start": 54,
      "End": 55,
      "NextRef": 0
    },
    "TextPosition": {
      "LineStart": 3,
      "LineEnd": 3,
      "CharStart": 15,
      "CharEnd": 16
    }
  },
  {
    "Keyword": 1,
    "Literal": {
      "Start": 62,
      "End": 66,
      "NextRef": 0
    },
    "TextPosition": {
      "LineStart": 4,
      "LineEnd": 4,
      "CharStart": 7,
      "CharEnd": 11
    }
  },
  {
    "Keyword": 47,
    "Literal": {
      "Start": 71,
      "End": 72,
      "NextRef": 0
    },
    "TextPosition": {
      "LineStart": 5,
      "LineEnd": 5,
      "CharStart": 5,
      "CharEnd": 6
    }
  },
  {
    "Keyword": 1,
    "Literal": {
      "Start": 77,
      "End": 89,
      "NextRef": 0
    },
    "TextPosition": {
      "LineStart": 6,
      "LineEnd": 6,
      "CharStart": 5,
      "CharEnd": 17
    }
  },
  {
    "Keyword": 46,
    "Literal": {
      "Start": 90,
      "End": 91,
      "NextRef": 0
    },
    "TextPosition": {
      "LineStart": 6,
      "LineEnd": 6,
      "CharStart": 18,
      "CharEnd": 19
    }
  },
  {
    "Keyword": 1,
    "Literal": {
      "Start": 98,
      "End": 102,
      "NextRef": 0
    },
    "TextPosition": {
      "LineStart": 7,
      "LineEnd": 7,
      "CharStart": 7,
      "CharEnd": 11
    }
  },
  {
    "Keyword": 47,
    "Literal": {
      "Start": 107,
      "End": 108,
      "NextRef": 0
    },
    "TextPosition": {
      "LineStart": 8,
      "LineEnd": 8,
      "CharStart": 5,
      "CharEnd": 6
    }
  },
  {
    "Keyword": 1,
    "Literal": {
      "Start": 113,
      "End": 129,
      "NextRef": 0
    },
    "TextPosition": {
      "LineStart": 9,
      "LineEnd": 9,
      "CharStart": 5,
      "CharEnd": 21
    }
  },
  {
    "Keyword": 46,
    "Literal": {
      "Start": 130,
      "End": 131,
      "NextRef": 0
    },
    "TextPosition": {
      "LineStart": 9,
      "LineEnd": 9,
      "CharStart": 22,
      "CharEnd": 23
    }
  },
  {
    "Keyword": 1,
    "Literal": {
      "Start": 138,
      "End": 142,
      "NextRef": 0
    },
    "TextPosition": {
      "LineStart": 10,
      "LineEnd": 10,
      "CharStart": 7,
      "CharEnd": 11
    }
  },
  {
    "Keyword": 47,
    "Literal": {
      "Start": 147,
      "End": 148,
      "NextRef": 0
    },
    "TextPosition": {
      "LineStart": 11,
      "LineEnd": 11,
      "CharStart": 5,
      "CharEnd": 6
    }
  },
  {
    "Keyword": 1,
    "Literal": {
      "Start": 153,
      "End": 158,
      "NextRef": 0
    },
    "TextPosition": {
      "LineStart": 12,
      "LineEnd": 12,
      "CharStart": 5,
      "CharEnd": 10
    }
  },
  {
    "Keyword": 46,
    "Literal": {
      "Start": 159,
      "End": 160,
      "NextRef": 0
    },
    "TextPosition": {
      "LineStart": 12,
      "LineEnd": 12,
      "CharStart": 11,
      "CharEnd": 12
    }
  },
  {
    "Keyword": 13,
    "Literal": {
      "Start": 167,
      "End": 170,
      "NextRef": 0
    },
    "TextPosition": {
      "LineStart": 13,
      "LineEnd": 13,
      "CharStart": 7,
      "CharEnd": 10
    }
  },
  {
    "Keyword": 1,
    "Literal": {
      "Start": 170,
      "End": 178,
      "NextRef": 0
    },
    "TextPosition": {
      "LineStart": 13,
      "LineEnd": 13,
      "CharStart": 10,
      "CharEnd": 18
    }
  },
  {
    "Keyword": 47,
    "Literal": {
      "Start": 183,
      "End": 184,
      "NextRef": 0
    },
    "TextPosition": {
      "LineStart": 14,
      "LineEnd": 14,
      "CharStart": 5,
      "CharEnd": 6
    }
  },
  {
    "Keyword": 1,
    "Literal": {
      "Start": 189,
      "End": 199,
      "NextRef": 0
    },
    "TextPosition": {
      "LineStart": 15,
      "LineEnd": 15,
      "CharStart": 5,
      "CharEnd": 15
    }
  },
  {
    "Keyword": 46,
    "Literal": {
      "Start": 200,
      "End": 201,
      "NextRef": 0
    },
    "TextPosition": {
      "LineStart": 15,
      "LineEnd": 15,
      "CharStart": 16,
      "CharEnd": 17
    }
  },
  {
    "Keyword": 1,
    "Literal": {
      "Start": 208,
      "End": 212,
      "NextRef": 0
    },
    "TextPosition": {
      "LineStart": 16,
      "LineEnd": 16,
      "CharStart": 7,
      "CharEnd": 11
    }
  },
  {
    "Keyword": 1,
    "Literal": {
      "Start": 219,
      "End": 230,
      "NextRef": 0
    },
    "TextPosition": {
      "LineStart": 17,
      "LineEnd": 17,
      "CharStart": 7,
      "CharEnd": 18
    }
  },
  {
    "Keyword": 1,
    "Literal": {
      "Start": 237,
      "End": 246,
      "NextRef": 0
    },
    "TextPosition": {
      "LineStart": 18,
      "LineEnd": 18,
      "CharStart": 7,
      "CharEnd": 16
    }
  },
  {
    "Keyword": 1,
    "Literal": {
      "Start": 253,
      "End": 257,
      "NextRef": 0
    },
    "TextPosition": {
      "LineStart": 19,
      "LineEnd": 19,
      "CharStart": 7,
      "CharEnd": 11
    }
  },
  {
    "Keyword": 46,
    "Literal": {
      "Start": 258,
      "End": 259,
      "NextRef": 0
    },
    "TextPosition": {
      "LineStart": 19,
      "LineEnd": 19,
      "CharStart": 12,
      "CharEnd": 13
    }
  },
  {
    "Keyword": 13,
    "Literal": {
      "Start": 268,
      "End": 271,
      "NextRef": 0
    },
    "TextPosition": {
      "LineStart": 20,
      "LineEnd": 20,
      "CharStart": 9,
      "CharEnd": 12
    }
  },
  {
    "Keyword": 1,
    "Literal": {
      "Start": 271,
      "End": 281,
      "NextRef": 0
    },
    "TextPosition": {
      "LineStart": 20,
      "LineEnd": 20,
      "CharStart": 12,
      "CharEnd": 22
    }
  },
  {
    "Keyword": 47,
    "Literal": {
      "Start": 288,
      "End": 289,
      "NextRef": 0
    },
    "TextPosition": {
      "LineStart": 21,
      "LineEnd": 21,
      "CharStart": 7,
      "CharEnd": 8
    }
  },
  {
    "Keyword": 47,
    "Literal": {
      "Start": 294,
      "End": 295,
      "NextRef": 0
    },
    "TextPosition": {
      "LineStart": 22,
      "LineEnd": 22,
      "CharStart": 5,
      "CharEnd": 6
    }
  },
  {
    "Keyword": 47,
    "Literal": {
      "Start": 298,
      "End": 299,
      "NextRef": 0
    },
    "TextPosition": {
      "LineStart": 23,
      "LineEnd": 23,
      "CharStart": 3,
      "CharEnd": 4
    }
  },
  {
    "Keyword": 47,
    "Literal": {
      "Start": 300,
      "End": 301,
      "NextRef": 0
    },
    "TextPosition": {
      "LineStart": 24,
      "LineEnd": 24,
      "CharStart": 1,
      "CharEnd": 2
    }
  },
  {
    "Keyword": 41,
    "Literal": {
      "Start": 303,
      "End": 311,
      "NextRef": 0
    },
    "TextPosition": {
      "LineStart": 26,
      "LineEnd": 26,
      "CharStart": 1,
      "CharEnd": 9
    }
  },
  {
    "Keyword": 1,
    "Literal": {
      "Start": 312,
      "End": 320,
      "NextRef": 0
    },
    "TextPosition": {
      "LineStart": 26,
      "LineEnd": 26,
      "CharStart": 10,
      "CharEnd": 18
    }
  },
  {
    "Keyword": 19,
    "Literal": {
      "Start": 321,
      "End": 323,
      "NextRef": 0
    },
    "TextPosition": {
      "LineStart": 26,
      "LineEnd": 26,
      "CharStart": 19,
      "CharEnd": 21
    }
  },
  {
    "Keyword": 1,
    "Literal": {
      "Start": 324,
      "End": 330,
      "NextRef": 0
    },
    "TextPosition": {
      "LineStart": 26,
      "LineEnd": 26,
      "CharStart": 22,
      "CharEnd": 28
    }
  },
  {
    "Keyword": 46,
    "Literal": {
      "Start": 331,
      "End": 332,
      "NextRef": 0
    },
    "TextPosition": {
      "LineStart": 26,
      "LineEnd": 26,
      "CharStart": 29,
      "CharEnd": 30
    }
  },
  {
    "Keyword": 1,
    "Literal": {
      "Start": 335,
      "End": 339,
      "NextRef": 0
    },
    "TextPosition": {
      "LineStart": 27,
      "LineEnd": 27,
      "CharStart": 3,
      "CharEnd": 7
    }
  },
  {
    "Keyword": 1,
    "Literal": {
      "Start": 342,
      "End": 346,
      "NextRef": 0
    },
    "TextPosition": {
      "LineStart": 28,
      "LineEnd": 28,
      "CharStart": 3,
      "CharEnd": 7
    }
  },
  {
    "Keyword": 1,
    "Literal": {
      "Start": 349,
      "End": 360,
      "NextRef": 0
    },
    "TextPosition": {
      "LineStart": 29,
      "LineEnd": 29,
      "CharStart": 3,
      "CharEnd": 14
    }
  },
  {
    "Keyword": 1,
    "Literal": {
      "Start": 363,
      "End": 369,
      "NextRef": 0
    },
    "TextPosition": {
      "LineStart": 30,
      "LineEnd": 30,
      "CharStart": 3,
      "CharEnd": 9
    }
  },
  {
    "Keyword": 42,
    "Literal": {
      "Start": 369,
      "End": 370,
      "NextRef": 0
    },
    "TextPosition": {
      "LineStart": 30,
      "LineEnd": 30,
      "CharStart": 9,
      "CharEnd": 10
    }
  },
  {
    "Keyword": 1,
    "Literal": {
      "Start": 370,
      "End": 387,
      "NextRef": 0
    },
    "TextPosition": {
      "LineStart": 30,
      "LineEnd": 30,
      "CharStart": 10,
      "CharEnd": 27
    }
  },
  {
    "Keyword": 5,
    "Literal": {
      "Start": 387,
      "End": 388,
      "NextRef": 0
    },
    "TextPosition": {
      "LineStart": 30,
      "LineEnd": 30,
      "CharStart": 27,
      "CharEnd": 28
    }
  },
  {
    "Keyword": 35,
    "Literal": {
      "Start": 389,
      "End": 393,
      "NextRef": 0
    },
    "TextPosition": {
      "LineStart": 30,
      "LineEnd": 30,
      "CharStart": 29,
      "CharEnd": 33
    }
  },
  {
    "Keyword": 43,
    "Literal": {
      "Start": 393,
      "End": 394,
      "NextRef": 0
    },
    "TextPosition": {
      "LineStart": 30,
      "LineEnd": 30,
      "CharStart": 33,
      "CharEnd": 34
    }
  },
  {
    "Keyword": 46,
    "Literal": {
      "Start": 395,
      "End": 396,
      "NextRef": 0
    },
    "TextPosition": {
      "LineStart": 30,
      "LineEnd": 30,
      "CharStart": 35,
      "CharEnd": 36
    }
  },
  {
    "Keyword": 1,
    "Literal": {
      "Start": 401,
      "End": 405,
      "NextRef": 0
    },
    "TextPosition": {
      "LineStart": 31,
      "LineEnd": 31,
      "CharStart": 5,
      "CharEnd": 9
    }
  },
  {
    "Keyword": 1,
    "Literal": {
      "Start": 410,
      "End": 421,
      "NextRef": 0
    },
    "TextPosition": {
      "LineStart": 32,
      "LineEnd": 32,
      "CharStart": 5,
      "CharEnd": 16
    }
  },
  {
    "Keyword": 1,
    "Literal": {
      "Start": 426,
      "End": 430,
      "NextRef": 0
    },
    "TextPosition": {
      "LineStart": 33,
      "LineEnd": 33,
      "CharStart": 5,
      "CharEnd": 9
    }
  },
  {
    "Keyword": 46,
    "Literal": {
      "Start": 431,
      "End": 432,
      "NextRef": 0
    },
    "TextPosition": {
      "LineStart": 33,
      "LineEnd": 33,
      "CharStart": 10,
      "CharEnd": 11
    }
  },
  {
    "Keyword": 13,
    "Literal": {
      "Start": 439,
      "End": 442,
      "NextRef": 0
    },
    "TextPosition": {
      "LineStart": 34,
      "LineEnd": 34,
      "CharStart": 7,
      "CharEnd": 10
    }
  },
  {
    "Keyword": 1,
    "Literal": {
      "Start": 442,
      "End": 452,
      "NextRef": 0
    },
    "TextPosition": {
      "LineStart": 34,
      "LineEnd": 34,
      "CharStart": 10,
      "CharEnd": 20
    }
  },
  {
    "Keyword": 47,
    "Literal": {
      "Start": 457,
      "End": 458,
      "NextRef": 0
    },
    "TextPosition": {
      "LineStart": 35,
      "LineEnd": 35,
      "CharStart": 5,
      "CharEnd": 6
    }
  },
  {
    "Keyword": 24,
    "Literal": {
      "Start": 463,
      "End": 467,
      "NextRef": 0
    },
    "TextPosition": {
      "LineStart": 36,
      "LineEnd": 36,
      "CharStart": 5,
      "CharEnd": 9
    }
  },
  {
    "Keyword": 46,
    "Literal": {
      "Start": 468,
      "End": 469,
      "NextRef": 0
    },
    "TextPosition": {
      "LineStart": 36,
      "LineEnd": 36,
      "CharStart": 10,
      "CharEnd": 11
    }
  },
  {
    "Keyword": 13,
    "Literal": {
      "Start": 476,
      "End": 479,
      "NextRef": 0
    },
    "TextPosition": {
      "LineStart": 37,
      "LineEnd": 37,
      "CharStart": 7,
      "CharEnd": 10
    }
  },
  {
    "Keyword": 1,
    "Literal": {
      "Start": 479,
      "End": 486,
      "NextRef": 0
    },
    "TextPosition": {
      "LineStart": 37,
      "LineEnd": 37,
      "CharStart": 10,
      "CharEnd": 17
    }
  },
  {
    "Keyword": 47,
    "Literal": {
      "Start": 491,
      "End": 492,
      "NextRef": 0
    },
    "TextPosition": {
      "LineStart": 38,
      "LineEnd": 38,
      "CharStart": 5,
      "CharEnd": 6
    }
  },
  {
    "Keyword": 1,
    "Literal": {
      "Start": 497,
      "End": 509,
      "NextRef": 0
    },
    "TextPosition": {
      "LineStart": 39,
      "LineEnd": 39,
      "CharStart": 5,
      "CharEnd": 17
    }
  },
  {
    "Keyword": 1,
    "Literal": {
      "Start": 514,
      "End": 531,
      "NextRef": 0
    },
    "TextPosition": {
      "LineStart": 40,
      "LineEnd": 40,
      "CharStart": 5,
      "CharEnd": 22
    }
  },
  {
    "Keyword": 47,
    "Literal": {
      "Start": 534,
      "End": 535,
      "NextRef": 0
    },
    "TextPosition": {
      "LineStart": 41,
      "LineEnd": 41,
      "CharStart": 3,
      "CharEnd": 4
    }
  },
  {
    "Keyword": 1,
    "Literal": {
      "Start": 538,
      "End": 549,
      "NextRef": 0
    },
    "TextPosition": {
      "LineStart": 42,
      "LineEnd": 42,
      "CharStart": 3,
      "CharEnd": 14
    }
  },
  {
    "Keyword": 46,
    "Literal": {
      "Start": 550,
      "End": 551,
      "NextRef": 0
    },
    "TextPosition": {
      "LineStart": 42,
      "LineEnd": 42,
      "CharStart": 15,
      "CharEnd": 16
    }
  },
  {
    "Keyword": 13,
    "Literal": {
      "Start": 556,
      "End": 559,
      "NextRef": 0
    },
    "TextPosition": {
      "LineStart": 43,
      "LineEnd": 43,
      "CharStart": 5,
      "CharEnd": 8
    }
  },
  {
    "Keyword": 1,
    "Literal": {
      "Start": 559,
      "End": 569,
      "NextRef": 0
    },
    "TextPosition": {
      "LineStart": 43,
      "LineEnd": 43,
      "CharStart": 8,
      "CharEnd": 18
    }
  },
  {
    "Keyword": 47,
    "Literal": {
      "Start": 572,
      "End": 573,
      "NextRef": 0
    },
    "TextPosition": {
      "LineStart": 44,
      "LineEnd": 44,
      "CharStart": 3,
      "CharEnd": 4
    }
  },
  {
    "Keyword": 1,
    "Literal": {
      "Start": 576,
      "End": 586,
      "NextRef": 0
    },
    "TextPosition": {
      "LineStart": 45,
      "LineEnd": 45,
      "CharStart": 3,
      "CharEnd": 13
    }
  },
  {
    "Keyword": 46,
    "Literal": {
      "Start": 587,
      "End": 588,
      "NextRef": 0
    },
    "TextPosition": {
      "LineStart": 45,
      "LineEnd": 45,
      "CharStart": 14,
      "CharEnd": 15
    }
  },
  {
    "Keyword": 13,
    "Literal": {
      "Start": 593,
      "End": 596,
      "NextRef": 0
    },
    "TextPosition": {
      "LineStart": 46,
      "LineEnd": 46,
      "CharStart": 5,
      "CharEnd": 8
    }
  },
  {
    "Keyword": 1,
    "Literal": {
      "Start": 596,
      "End": 603,
      "NextRef": 0
    },
    "TextPosition": {
      "LineStart": 46,
      "LineEnd": 46,
      "CharStart": 8,
      "CharEnd": 15
    }
  },
  {
    "Keyword": 47,
    "Literal": {
      "Start": 606,
      "End": 607,
      "NextRef": 0
    },
    "TextPosition": {
      "LineStart": 47,
      "LineEnd": 47,
      "CharStart": 3,
      "CharEnd": 4
    }
  },
  {
    "Keyword": 1,
    "Literal": {
      "Start": 610,
      "End": 620,
      "NextRef": 0
    },
    "TextPosition": {
      "LineStart": 48,
      "LineEnd": 48,
      "CharStart": 3,
      "CharEnd": 13
    }
  },
  {
    "Keyword": 42,
    "Literal": {
      "Start": 620,
      "End": 621,
      "NextRef": 0
    },
    "TextPosition": {
      "LineStart": 48,
      "LineEnd": 48,
      "CharStart": 13,
      "CharEnd": 14
    }
  },
  {
    "Keyword": 1,
    "Literal": {
      "Start": 621,
      "End": 638,
      "NextRef": 0
    },
    "TextPosition": {
      "LineStart": 48,
      "LineEnd": 48,
      "CharStart": 14,
      "CharEnd": 31
    }
  },
  {
    "Keyword": 5,
    "Literal": {
      "Start": 638,
      "End": 639,
      "NextRef": 0
    },
    "TextPosition": {
      "LineStart": 48,
      "LineEnd": 48,
      "CharStart": 31,
      "CharEnd": 32
    }
  },
  {
    "Keyword": 35,
    "Literal": {
      "Start": 640,
      "End": 644,
      "NextRef": 0
    },
    "TextPosition": {
      "LineStart": 48,
      "LineEnd": 48,
      "CharStart": 33,
      "CharEnd": 37
    }
  },
  {
    "Keyword": 43,
    "Literal": {
      "Start": 644,
      "End": 645,
      "NextRef": 0
    },
    "TextPosition": {
      "LineStart": 48,
      "LineEnd": 48,
      "CharStart": 37,
      "CharEnd": 38
    }
  },
  {
    "Keyword": 46,
    "Literal": {
      "Start": 646,
      "End": 647,
      "NextRef": 0
    },
    "TextPosition": {
      "LineStart": 48,
      "LineEnd": 48,
      "CharStart": 39,
      "CharEnd": 40
    }
  },
  {
    "Keyword": 1,
    "Literal": {
      "Start": 652,
      "End": 656,
      "NextRef": 0
    },
    "TextPosition": {
      "LineStart": 49,
      "LineEnd": 49,
      "CharStart": 5,
      "CharEnd": 9
    }
  },
  {
    "Keyword": 1,
    "Literal": {
      "Start": 661,
      "End": 672,
      "NextRef": 0
    },
    "TextPosition": {
      "LineStart": 50,
      "LineEnd": 50,
      "CharStart": 5,
      "CharEnd": 16
    }
  },
  {
    "Keyword": 1,
    "Literal": {
      "Start": 677,
      "End": 689,
      "NextRef": 0
    },
    "TextPosition": {
      "LineStart": 51,
      "LineEnd": 51,
      "CharStart": 5,
      "CharEnd": 17
    }
  },
  {
    "Keyword": 1,
    "Literal": {
      "Start": 694,
      "End": 711,
      "NextRef": 0
    },
    "TextPosition": {
      "LineStart": 52,
      "LineEnd": 52,
      "CharStart": 5,
      "CharEnd": 22
    }
  },
  {
    "Keyword": 47,
    "Literal": {
      "Start": 714,
      "End": 715,
      "NextRef": 0
    },
    "TextPosition": {
      "LineStart": 53,
      "LineEnd": 53,
      "CharStart": 3,
      "CharEnd": 4
    }
  },
  {
    "Keyword": 1,
    "Literal": {
      "Start": 718,
      "End": 731,
      "NextRef": 0
    },
    "TextPosition": {
      "LineStart": 54,
      "LineEnd": 54,
      "CharStart": 3,
      "CharEnd": 16
    }
  },
  {
    "Keyword": 46,
    "Literal": {
      "Start": 732,
      "End": 733,
      "NextRef": 0
    },
    "TextPosition": {
      "LineStart": 54,
      "LineEnd": 54,
      "CharStart": 17,
      "CharEnd": 18
    }
  },
  {
    "Keyword": 13,
    "Literal": {
      "Start": 738,
      "End": 741,
      "NextRef": 0
    },
    "TextPosition": {
      "LineStart": 55,
      "LineEnd": 55,
      "CharStart": 5,
      "CharEnd": 8
    }
  },
  {
    "Keyword": 1,
    "Literal": {
      "Start": 741,
      "End": 748,
      "NextRef": 0
    },
    "TextPosition": {
      "LineStart": 55,
      "LineEnd": 55,
      "CharStart": 8,
      "CharEnd": 15
    }
  },
  {
    "Keyword": 47,
    "Literal": {
      "Start": 751,
      "End": 752,
      "NextRef": 0
    },
    "TextPosition": {
      "LineStart": 56,
      "LineEnd": 56,
      "CharStart": 3,
      "CharEnd": 4
    }
  },
  {
    "Keyword": 47,
    "Literal": {
      "Start": 753,
      "End": 754,
      "NextRef": 0
    },
    "TextPosition": {
      "LineStart": 57,
      "LineEnd": 57,
      "CharStart": 1,
      "CharEnd": 2
    }
  },
  {
    "Keyword": 41,
    "Literal": {
      "Start": 756,
      "End": 764,
      "NextRef": 0
    },
    "TextPosition": {
      "LineStart": 59,
      "LineEnd": 59,
      "CharStart": 1,
      "CharEnd": 9
    }
  },
  {
    "Keyword": 1,
    "Literal": {
      "Start": 765,
      "End": 775,
      "NextRef": 0
    },
    "TextPosition": {
      "LineStart": 59,
      "LineEnd": 59,
      "CharStart": 10,
      "CharEnd": 20
    }
  },
  {
    "Keyword": 19,
    "Literal": {
      "Start": 776,
      "End": 778,
      "NextRef": 0
    },
    "TextPosition": {
      "LineStart": 59,
      "LineEnd": 59,
      "CharStart": 21,
      "CharEnd": 23
    }
  },
  {
    "Keyword": 1,
    "Literal": {
      "Start": 779,
      "End": 791,
      "NextRef": 0
    },
    "TextPosition": {
      "LineStart": 59,
      "LineEnd": 59,
      "CharStart": 24,
      "CharEnd": 36
    }
  },
  {
    "Keyword": 46,
    "Literal": {
      "Start": 792,
      "End": 793,
      "NextRef": 0
    },
    "TextPosition": {
      "LineStart": 59,
      "LineEnd": 59,
      "CharStart": 37,
      "CharEnd": 38
    }
  },
  {
    "Keyword": 1,
    "Literal": {
      "Start": 796,
      "End": 800,
      "NextRef": 0
    },
    "TextPosition": {
      "LineStart": 60,
      "LineEnd": 60,
      "CharStart": 3,
      "CharEnd": 7
    }
  },
  {
    "Keyword": 1,
    "Literal": {
      "Start": 803,
      "End": 814,
      "NextRef": 0
    },
    "TextPosition": {
      "LineStart": 61,
      "LineEnd": 61,
      "CharStart": 3,
      "CharEnd": 14
    }
  },
  {
    "Keyword": 24,
    "Literal": {
      "Start": 817,
      "End": 821,
      "NextRef": 0
    },
    "TextPosition": {
      "LineStart": 62,
      "LineEnd": 62,
      "CharStart": 3,
      "CharEnd": 7
    }
  },
  {
    "Keyword": 46,
    "Literal": {
      "Start": 822,
      "End": 823,
      "NextRef": 0
    },
    "TextPosition": {
      "LineStart": 62,
      "LineEnd": 62,
      "CharStart": 8,
      "CharEnd": 9
    }
  },
  {
    "Keyword": 13,
    "Literal": {
      "Start": 828,
      "End": 831,
      "NextRef": 0
    },
    "TextPosition": {
      "LineStart": 63,
      "LineEnd": 63,
      "CharStart": 5,
      "CharEnd": 8
    }
  },
  {
    "Keyword": 1,
    "Literal": {
      "Start": 831,
      "End": 838,
      "NextRef": 0
    },
    "TextPosition": {
      "LineStart": 63,
      "LineEnd": 63,
      "CharStart": 8,
      "CharEnd": 15
    }
  },
  {
    "Keyword": 47,
    "Literal": {
      "Start": 841,
      "End": 842,
      "NextRef": 0
    },
    "TextPosition": {
      "LineStart": 64,
      "LineEnd": 64,
      "CharStart": 3,
      "CharEnd": 4
    }
  },
  {
    "Keyword": 1,
    "Literal": {
      "Start": 845,
      "End": 857,
      "NextRef": 0
    },
    "TextPosition": {
      "LineStart": 65,
      "LineEnd": 65,
      "CharStart": 3,
      "CharEnd": 15
    }
  },
  {
    "Keyword": 47,
    "Literal": {
      "Start": 858,
      "End": 859,
      "NextRef": 0
    },
    "TextPosition": {
      "LineStart": 66,
      "LineEnd": 66,
      "CharStart": 1,
      "CharEnd": 2
    }
  },
  {
    "Keyword": 41,
    "Literal": {
      "Start": 861,
      "End": 869,
      "NextRef": 0
    },
    "TextPosition": {
      "LineStart": 68,
      "LineEnd": 68,
      "CharStart": 1,
      "CharEnd": 9
    }
  },
  {
    "Keyword": 1,
    "Literal": {
      "Start": 870,
      "End": 877,
      "NextRef": 0
    },
    "TextPosition": {
      "LineStart": 68,
      "LineEnd": 68,
      "CharStart": 10,
      "CharEnd": 17
    }
  },
  {
    "Keyword": 19,
    "Literal": {
      "Start": 878,
      "End": 880,
      "NextRef": 0
    },
    "TextPosition": {
      "LineStart": 68,
      "LineEnd": 68,
      "CharStart": 18,
      "CharEnd": 20
    }
  },
  {
    "Keyword": 1,
    "Literal": {
      "Start": 881,
      "End": 887,
      "NextRef": 0
    },
    "TextPosition": {
      "LineStart": 68,
      "LineEnd": 68,
      "CharStart": 21,
      "CharEnd": 27
    }
  },
  {
    "Keyword": 46,
    "Literal": {
      "Start": 888,
      "End": 889,
      "NextRef": 0
    },
    "TextPosition": {
      "LineStart": 68,
      "LineEnd": 68,
      "CharStart": 28,
      "CharEnd": 29
    }
  },
  {
    "Keyword": 1,
    "Literal": {
      "Start": 892,
      "End": 896,
      "NextRef": 0
    },
    "TextPosition": {
      "LineStart": 69,
      "LineEnd": 69,
      "CharStart": 3,
      "CharEnd": 7
    }
  },
  {
    "Keyword": 1,
    "Literal": {
      "Start": 899,
      "End": 903,
      "NextRef": 0
    },
    "TextPosition": {
      "LineStart": 70,
      "LineEnd": 70,
      "CharStart": 3,
      "CharEnd": 7
    }
  },
  {
    "Keyword": 1,
    "Literal": {
      "Start": 906,
      "End": 912,
      "NextRef": 0
    },
    "TextPosition": {
      "LineStart": 71,
      "LineEnd": 71,
      "CharStart": 3,
      "CharEnd": 9
    }
  },
  {
    "Keyword": 46,
    "Literal": {
      "Start": 913,
      "End": 914,
      "NextRef": 0
    },
    "TextPosition": {
      "LineStart": 71,
      "LineEnd": 71,
      "CharStart": 10,
      "CharEnd": 11
    }
  },
  {
    "Keyword": 1,
    "Literal": {
      "Start": 919,
      "End": 923,
      "NextRef": 0
    },
    "TextPosition": {
      "LineStart": 72,
      "LineEnd": 72,
      "CharStart": 5,
      "CharEnd": 9
    }
  },
  {
    "Keyword": 1,
    "Literal": {
      "Start": 928,
      "End": 932,
      "NextRef": 0
    },
    "TextPosition": {
      "LineStart": 73,
      "LineEnd": 73,
      "CharStart": 5,
      "CharEnd": 9
    }
  },
  {
    "Keyword": 1,
    "Literal": {
      "Start": 937,
      "End": 943,
      "NextRef": 0
    },
    "TextPosition": {
      "LineStart": 74,
      "LineEnd": 74,
      "CharStart": 5,
      "CharEnd": 11
    }
  },
  {
    "Keyword": 46,
    "Literal": {
      "Start": 944,
      "End": 945,
      "NextRef": 0
    },
    "TextPosition": {
      "LineStart": 74,
      "LineEnd": 74,
      "CharStart": 12,
      "CharEnd": 13
    }
  },
  {
    "Keyword": 1,
    "Literal": {
      "Start": 952,
      "End": 956,
      "NextRef": 0
    },
    "TextPosition": {
      "LineStart": 75,
      "LineEnd": 75,
      "CharStart": 7,
      "CharEnd": 11
    }
  },
  {
    "Keyword": 1,
    "Literal": {
      "Start": 963,
      "End": 967,
      "NextRef": 0
    },
    "TextPosition": {
      "LineStart": 76,
      "LineEnd": 76,
      "CharStart": 7,
      "CharEnd": 11
    }
  },
  {
    "Keyword": 1,
    "Literal": {
      "Start": 974,
      "End": 980,
      "NextRef": 0
    },
    "TextPosition": {
      "LineStart": 77,
      "LineEnd": 77,
      "CharStart": 7,
      "CharEnd": 13
    }
  },
  {
    "Keyword": 46,
    "Literal": {
      "Start": 981,
      "End": 982,
      "NextRef": 0
    },
    "TextPosition": {
      "LineStart": 77,
      "LineEnd": 77,
      "CharStart": 14,
      "CharEnd": 15
    }
  },
  {
    "Keyword": 1,
    "Literal": {
      "Start": 991,
      "End": 995,
      "NextRef": 0
    },
    "TextPosition": {
      "LineStart": 78,
      "LineEnd": 78,
      "CharStart": 9,
      "CharEnd": 13
    }
  },
  {
    "Keyword": 1,
    "Literal": {
      "Start": 1004,
      "End": 1008,
      "NextRef": 0
    },
    "TextPosition": {
      "LineStart": 79,
      "LineEnd": 79,
      "CharStart": 9,
      "CharEnd": 13
    }
  },
  {
    "Keyword": 1,
    "Literal": {
      "Start": 1017,
      "End": 1023,
      "NextRef": 0
    },
    "TextPosition": {
      "LineStart": 80,
      "LineEnd": 80,
      "CharStart": 9,
      "CharEnd": 15
    }
  },
  {
    "Keyword": 46,
    "Literal": {
      "Start": 1024,
      "End": 1025,
      "NextRef": 0
    },
    "TextPosition": {
      "LineStart": 80,
      "LineEnd": 80,
      "CharStart": 16,
      "CharEnd": 17
    }
  },
  {
    "Keyword": 1,
    "Literal": {
      "Start": 1036,
      "End": 1040,
      "NextRef": 0
    },
    "TextPosition": {
      "LineStart": 81,
      "LineEnd": 81,
      "CharStart": 11,
      "CharEnd": 15
    }
  },
  {
    "Keyword": 1,
    "Literal": {
      "Start": 1051,
      "End": 1055,
      "NextRef": 0
    },
    "TextPosition": {
      "LineStart": 82,
      "LineEnd": 82,
      "CharStart": 11,
      "CharEnd": 15
    }
  },
  {
    "Keyword": 1,
    "Literal": {
      "Start": 1066,
      "End": 1072,
      "NextRef": 0
    },
    "TextPosition": {
      "LineStart": 83,
      "LineEnd": 83,
      "CharStart": 11,
      "CharEnd": 17
    }
  },
  {
    "Keyword": 46,
    "Literal": {
      "Start": 1073,
      "End": 1074,
      "NextRef": 0
    },
    "TextPosition": {
      "LineStart": 83,
      "LineEnd": 83,
      "CharStart": 18,
      "CharEnd": 19
    }
  },
  {
    "Keyword": 1,
    "Literal": {
      "Start": 1087,
      "End": 1091,
      "NextRef": 0
    },
    "TextPosition": {
      "LineStart": 84,
      "LineEnd": 84,
      "CharStart": 13,
      "CharEnd": 17
    }
  },
  {
    "Keyword": 1,
    "Literal": {
      "Start": 1104,
      "End": 1108,
      "NextRef": 0
    },
    "TextPosition": {
      "LineStart": 85,
      "LineEnd": 85,
      "CharStart": 13,
      "CharEnd": 17
    }
  },
  {
    "Keyword": 1,
    "Literal": {
      "Start": 1121,
      "End": 1127,
      "NextRef": 0
    },
    "TextPosition": {
      "LineStart": 86,
      "LineEnd": 86,
      "CharStart": 13,
      "CharEnd": 19
    }
  },
  {
    "Keyword": 46,
    "Literal": {
      "Start": 1128,
      "End": 1129,
      "NextRef": 0
    },
    "TextPosition": {
      "LineStart": 86,
      "LineEnd": 86,
      "CharStart": 20,
      "CharEnd": 21
    }
  },
  {
    "Keyword": 1,
    "Literal": {
      "Start": 1144,
      "End": 1148,
      "NextRef": 0
    },
    "TextPosition": {
      "LineStart": 87,
      "LineEnd": 87,
      "CharStart": 15,
      "CharEnd": 19
    }
  },
  {
    "Keyword": 1,
    "Literal": {
      "Start": 1163,
      "End": 1167,
      "NextRef": 0
    },
    "TextPosition": {
      "LineStart": 88,
      "LineEnd": 88,
      "CharStart": 15,
      "CharEnd": 19
    }
  },
  {
    "Keyword": 1,
    "Literal": {
      "Start": 1182,
      "End": 1188,
      "NextRef": 0
    },
    "TextPosition": {
      "LineStart": 89,
      "LineEnd": 89,
      "CharStart": 15,
      "CharEnd": 21
    }
  },
  {
    "Keyword": 46,
    "Literal": {
      "Start": 1189,
      "End": 1190,
      "NextRef": 0
    },
    "TextPosition": {
      "LineStart": 89,
      "LineEnd": 89,
      "CharStart": 22,
      "CharEnd": 23
    }
  },
  {
    "Keyword": 1,
    "Literal": {
      "Start": 1207,
      "End": 1211,
      "NextRef": 0
    },
    "TextPosition": {
      "LineStart": 90,
      "LineEnd": 90,
      "CharStart": 17,
      "CharEnd": 21
    }
  },
  {
    "Keyword": 1,
    "Literal": {
      "Start": 1228,
      "End": 1232,
      "NextRef": 0
    },
    "TextPosition": {
      "LineStart": 91,
      "LineEnd": 91,
      "CharStart": 17,
      "CharEnd": 21
    }
  },
  {
    "Keyword": 47,
    "Literal": {
      "Start": 1247,
      "End": 1248,
      "NextRef": 0
    },
    "TextPosition": {
      "LineStart": 92,
      "LineEnd": 92,
      "CharStart": 15,
      "CharEnd": 16
    }
  },
  {
    "Keyword": 47,
    "Literal": {
      "Start": 1261,
      "End": 1262,
      "NextRef": 0
    },
    "TextPosition": {
      "LineStart": 93,
      "LineEnd": 93,
      "CharStart": 13,
      "CharEnd": 14
    }
  },
  {
    "Keyword": 47,
    "Literal": {
      "Start": 1273,
      "End": 1274,
      "NextRef": 0
    },
    "TextPosition": {
      "LineStart": 94,
      "LineEnd": 94,
      "CharStart": 11,
      "CharEnd": 12
    }
  },
  {
    "Keyword": 47,
    "Literal": {
      "Start": 1283,
      "End": 1284,
      "NextRef": 0
    },
    "TextPosition": {
      "LineStart": 95,
      "LineEnd": 95,
      "CharStart": 9,
      "CharEnd": 10
    }
  },
  {
    "Keyword": 47,
    "Literal": {
      "Start": 1291,
      "End": 1292,
      "NextRef": 0
    },
    "TextPosition": {
      "LineStart": 96,
      "LineEnd": 96,
      "CharStart": 7,
      "CharEnd": 8
    }
  },
  {
    "Keyword": 47,
    "Literal": {
      "Start": 1297,
      "End": 1298,
      "NextRef": 0
    },
    "TextPosition": {
      "LineStart": 97,
      "LineEnd": 97,
      "CharStart": 5,
      "CharEnd": 6
    }
  },
  {
    "Keyword": 47,
    "Literal": {
      "Start": 1301,
      "End": 1302,
      "NextRef": 0
    },
    "TextPosition": {
      "LineStart": 98,
      "LineEnd": 98,
      "CharStart": 3,
      "CharEnd": 4
    }
  },
  {
    "Keyword": 47,
    "Literal": {
      "Start": 1303,
      "End": 1304,
      "NextRef": 0
    },
    "TextPosition": {
      "LineStart": 99,
      "LineEnd": 99,
      "CharStart": 1,
      "CharEnd": 2
    }
  }
]